2026-06-16 15:06:55,536 [INFO] ✅ Docker connected successfully
2026-06-16 15:06:56,467 [INFO] ✅ Docker connected successfully
2026-06-16 15:06:57,486 [INFO] ✅ Docker connected successfully
2026-06-16 15:08:13,252 [INFO] ✅ Docker connected successfully
2026-06-16 15:08:13,844 [INFO] ✅ Docker connected successfully
2026-06-16 15:08:13,873 [INFO] 🚀 Monitor started — CPU>80.0% | RAM>80.0% | every 60s
2026-06-16 15:08:14,874 [INFO] 📊 CPU=26.3% RAM=62.4% ✅ OK
2026-06-16 15:09:02,072 [INFO] ✅ Docker connected successfully
2026-06-16 15:09:17,012 [INFO] ✅ Docker connected successfully
2026-06-16 15:09:17,912 [INFO] ✅ Docker connected successfully
2026-06-16 15:09:18,913 [INFO] ✅ Docker connected successfully
2026-06-16 15:09:20,214 [INFO] ✅ Docker connected successfully
2026-06-16 15:09:26,801 [INFO] ✅ Docker connected successfully
2026-06-16 15:09:27,390 [INFO] ✅ Docker connected successfully
2026-06-16 15:09:27,418 [INFO] 🚀 Monitor started — CPU>80.0% | RAM>80.0% | every 60s
2026-06-16 15:09:28,419 [INFO] 📊 CPU=25.8% RAM=62.2% ✅ OK
2026-06-16 15:09:35,888 [INFO] ⚙️  Priority updated: ShopAdminDjangoPanel → 2
2026-06-16 15:09:42,220 [WARNING] 🛑 Stopped low-priority container: ShopAdminNginx
2026-06-16 15:10:14,498 [WARNING] 🛑 Stopped low-priority container: web-dev
2026-06-16 15:10:15,461 [WARNING] 🛑 Stopped low-priority container: db-dev
2026-06-16 15:10:20,604 [WARNING] 🛑 Stopped low-priority container: redis-dev
2026-06-16 15:10:24,861 [WARNING] 🛑 Stopped low-priority container: hub-vnc-manager-1
2026-06-16 15:10:28,572 [INFO] ▶️  Restarted container: hub-vncmanager-1
2026-06-16 15:10:29,573 [INFO] 📊 CPU=25.6% RAM=61.2% ✅ OK
2026-06-16 15:10:30,111 [INFO] 🟢 Resources freed — restoring 'web-dev'
2026-06-16 15:10:30,663 [INFO] ▶️  Restarted container: web-dev
2026-06-16 15:10:31,163 [INFO] 🟢 Resources freed — restoring 'redis-dev'
2026-06-16 15:10:31,487 [INFO] ▶️  Restarted container: redis-dev
2026-06-16 15:10:31,988 [INFO] 🟢 Resources freed — restoring 'hub-vnc-manager-1'
2026-06-16 15:10:32,492 [INFO] ▶️  Restarted container: hub-vnc-manager-1
2026-06-16 15:10:32,993 [INFO] 🟢 Resources freed — restoring 'db-dev'
2026-06-16 15:10:33,538 [INFO] ▶️  Restarted container: db-dev
2026-06-16 15:10:34,039 [INFO] 🟢 Resources freed — restoring 'ShopAdminNginx'
2026-06-16 15:10:34,564 [INFO] ▶️  Restarted container: ShopAdminNginx
2026-06-16 15:10:35,342 [WARNING] 🛑 Stopped low-priority container: ShopAdminDatabase
2026-06-16 15:10:44,065 [INFO] ▶️  Restarted container: ShopAdminDatabase
2026-06-16 15:11:30,384 [INFO] ⏸️  Monitor paused by user
2026-06-16 15:11:32,327 [INFO] ▶️  Monitor resumed by user
2026-06-16 15:11:32,328 [INFO] 🚀 Monitor started — CPU>80.0% | RAM>80.0% | every 60s
2026-06-16 15:11:33,330 [INFO] 📊 CPU=6.8% RAM=63.2% ✅ OK
2026-06-16 15:12:06,197 [INFO] ⚙️  Priority updated: docker-guardian → 1
2026-06-16 15:12:07,726 [INFO] ⚙️  Priority updated: docker-guardian → 2
2026-06-16 15:15:04,734 [INFO] ✅ Docker connected successfully
2026-06-16 15:15:05,288 [INFO] ✅ Docker connected successfully
2026-06-16 15:15:05,313 [INFO] 🚀 Monitor started — CPU>80.0% | RAM>80.0% | every 60s
2026-06-16 15:15:06,314 [INFO] 📊 CPU=18.8% RAM=66.1% ✅ OK
2026-06-16 15:15:09,206 [INFO] ✅ Docker connected successfully
2026-06-16 15:15:09,729 [INFO] ✅ Docker connected successfully
2026-06-16 15:15:09,756 [INFO] 🚀 Monitor started — CPU>80.0% | RAM>80.0% | every 60s
2026-06-16 15:15:10,757 [INFO] 📊 CPU=18.3% RAM=66.8% ✅ OK
2026-06-16 15:15:33,918 [WARNING] 🛑 Stopped low-priority container: web-dev
2026-06-16 15:15:34,502 [WARNING] 🛑 Stopped low-priority container: web-dev
2026-06-16 15:16:11,800 [INFO] 📊 CPU=18.1% RAM=63.0% ✅ OK
2026-06-16 15:16:12,340 [INFO] 🟢 Resources freed — restoring 'web-dev'
2026-06-16 15:16:12,865 [INFO] ▶️  Restarted container: web-dev
2026-06-16 15:17:13,867 [INFO] 📊 CPU=60.1% RAM=70.5% ✅ OK
2026-06-16 15:18:05,187 [INFO] ✅ Docker connected successfully
2026-06-16 15:18:05,924 [INFO] ✅ Docker connected successfully
2026-06-16 15:18:05,964 [INFO] 🚀 Monitor started — CPU>80.0% | RAM>80.0% | every 60s
2026-06-16 15:18:06,965 [INFO] 📊 CPU=38.6% RAM=66.0% ✅ OK
2026-06-16 15:19:06,658 [INFO] ✅ Docker connected successfully
2026-06-16 15:19:07,223 [INFO] ✅ Docker connected successfully
2026-06-16 15:19:07,249 [INFO] 🚀 Monitor started — CPU>80.0% | RAM>80.0% | every 60s
2026-06-16 15:19:08,250 [INFO] 📊 CPU=16.1% RAM=58.8% ✅ OK
2026-06-16 15:19:13,668 [INFO] ⚙️  Thresholds updated: CPU=30.0% RAM=32.0% interval=60s
2026-06-16 15:19:13,670 [INFO] 🚀 Monitor started — CPU>30.0% | RAM>32.0% | every 60s
2026-06-16 15:19:14,671 [INFO] 📊 CPU=25.8% RAM=60.9% ⚠️ OVERLOADED
2026-06-16 15:19:14,710 [WARNING] ⚠️  Overloaded but no low-priority containers to stop
2026-06-16 15:19:26,190 [INFO] ⚙️  Priority updated: docker-guardian → 2
2026-06-16 15:19:27,558 [INFO] ⚙️  Priority updated: ShopAdminNginx → 2
2026-06-16 15:19:47,213 [INFO] ⚙️  Priority updated: ShopAdminDjangoPanel → 2
2026-06-16 15:19:51,827 [INFO] ⚙️  Thresholds updated: CPU=30.0% RAM=32.0% interval=60s
2026-06-16 15:19:51,829 [INFO] 🚀 Monitor started — CPU>30.0% | RAM>32.0% | every 60s
2026-06-16 15:19:52,830 [INFO] 📊 CPU=23.6% RAM=59.8% ⚠️ OVERLOADED
2026-06-16 15:19:52,876 [WARNING] 🔴 Overload detected — stopping 'docker-guardian' (priority=2, CPU=23.6%, RAM=59.8%)
2026-06-16 15:20:07,570 [INFO] ✅ Docker connected successfully
2026-06-16 15:20:08,116 [INFO] ✅ Docker connected successfully
2026-06-16 15:20:08,144 [INFO] 🚀 Monitor started — CPU>80.0% | RAM>80.0% | every 60s
2026-06-16 15:20:09,145 [INFO] 📊 CPU=31.5% RAM=59.4% ✅ OK
2026-06-16 15:21:10,706 [INFO] 📊 CPU=18.8% RAM=61.6% ✅ OK
2026-06-16 15:22:11,723 [INFO] 📊 CPU=12.2% RAM=61.1% ✅ OK
2026-06-16 15:23:12,762 [INFO] 📊 CPU=14.4% RAM=63.8% ✅ OK
2026-06-16 15:23:46,204 [INFO] ⏸️  Monitor paused by user
2026-06-16 15:23:48,171 [INFO] ▶️  Monitor resumed by user
2026-06-16 15:23:48,172 [INFO] 🚀 Monitor started — CPU>80.0% | RAM>80.0% | every 60s
2026-06-16 15:23:49,172 [INFO] 📊 CPU=34.8% RAM=64.2% ✅ OK
2026-06-16 15:24:24,788 [INFO] ✅ Docker connected successfully
2026-06-16 15:24:25,314 [INFO] ✅ Docker connected successfully
2026-06-16 15:24:25,343 [INFO] 🚀 Monitor started — CPU>80.0% | RAM>80.0% | every 60s
2026-06-16 15:24:26,344 [INFO] 📊 CPU=17.3% RAM=69.0% ✅ OK
2026-06-16 15:24:44,223 [INFO] ✅ Docker connected successfully
2026-06-16 15:24:44,882 [INFO] ✅ Docker connected successfully
2026-06-16 15:24:44,919 [INFO] 🚀 Monitor started — CPU>80.0% | RAM>80.0% | every 60s
2026-06-16 15:24:45,920 [INFO] 📊 CPU=28.8% RAM=63.3% ✅ OK
2026-06-16 15:24:53,216 [INFO] ⚙️  Priority updated: docker-guardian → 2
2026-06-16 15:24:55,436 [INFO] ⚙️  Priority updated: ShopAdminNginx → 2
2026-06-16 15:24:56,894 [INFO] ⚙️  Priority updated: ShopAdminDjangoPanel → 1
2026-06-16 15:24:58,487 [INFO] ⚙️  Priority updated: ShopAdminDjangoPanel → 2
2026-06-16 15:24:59,789 [INFO] ⚙️  Priority updated: ShopAdminDatabase → 1
2026-06-16 15:25:24,344 [INFO] ⚙️  Priority updated: docker-guardian → 10
2026-06-16 15:25:46,959 [INFO] 📊 CPU=15.9% RAM=66.6% ✅ OK
